
> ingec-platform@1.0.0 start
> concurrently "npm run start:server" "npm run start:client"

[0]
[0] > ingec-platform@1.0.0 start:server
[0] > npm run start --workspace=server
[0]
[1]
[1] > ingec-platform@1.0.0 start:client
[1] > npm run dev --workspace=client
[1]
[0]
[0] > ingec-server@1.0.0 start
[0] > node server.js
[0]
[1]
[1] > ingec-client@0.0.0 dev
[1] > vite
[1]
[0] (node:13387) [DEP0040] DeprecationWarning: The `punycode` module is deprecated. Please use a userland alternative instead.
[0] (Use `node --trace-deprecation ...` to show where the warning was created)
[0] node:events:497
[0]       throw er; // Unhandled 'error' event
[0]       ^
[0]
[0] Error: listen EADDRINUSE: address already in use :::5001
[0]     at Server.setupListenHandle [as _listen2] (node:net:1940:16)
[0]     at listenInCluster (node:net:1997:12)
[0]     at Server.listen (node:net:2102:7)
[0]     at Function.listen (/app/node_modules/express/lib/application.js:635:24)
[0]     at file:///app/server/server.js:26:5
[0]     at ModuleJob.run (node:internal/modules/esm/module_job:343:25)
[0]     at async onImport.tracePromise.__proto__ (node:internal/modules/esm/loader:665:26)
[0]     at async asyncRunEntryPointWithESMLoader (node:internal/modules/run_main:117:5)
[0] Emitted 'error' event on Server instance at:
[0]     at emitErrorNT (node:net:1976:8)
[0]     at process.processTicksAndRejections (node:internal/process/task_queues:89:21) {
[0]   code: 'EADDRINUSE',
[0]   errno: -98,
[0]   syscall: 'listen',
[0]   address: '::',
[0]   port: 5001
[0] }
[0]
[0] Node.js v22.22.1
[0] npm error Lifecycle script `start` failed with error:
[0] npm error code 1
[0] npm error path /app/server
[0] npm error workspace ingec-server@1.0.0
[0] npm error location /app/server
[0] npm error command failed
[0] npm error command sh -c node server.js
[0] npm run start:server exited with code 1
[1]
[1]   VITE v8.0.0  ready in 313 ms
[1]
[1]   ➜  Local:   http://localhost:3000/
[1]   ➜  Network: use --host to expose
[1] 4:56:21 PM [vite] (client) hmr update /src/index.css, /src/components/INGECMap.jsx
[1] 4:58:49 PM [vite] .env changed, restarting server...
[1] 4:58:49 PM [vite] (client) hmr update /src/index.css, /src/components/CitizenReport.jsx
[1] 4:58:49 PM [vite] (client) hmr update /src/components/NkechiChat.jsx, /src/index.css
[1] 4:58:49 PM [vite] (client) hmr update /src/pages/Dashboard.jsx, /src/index.css
[1] 4:58:49 PM [vite] warning: `esbuild` option was specified by "vite:react-babel" plugin. This option is deprecated, please use `oxc` instead.
[1] 4:58:49 PM [vite] warning: `optimizeDeps.esbuildOptions` option was specified by "vite:react-babel" plugin. This option is deprecated, please use `optimizeDeps.rolldownOptions` instead.
[1] You or a plugin you are using have set `optimizeDeps.esbuildOptions` but this option is now deprecated. Vite now uses Rolldown to optimize the dependencies. Please use `optimizeDeps.rolldownOptions` instead.
[1] 4:58:49 PM [vite] (client) hmr update /src/pages/Dashboard.jsx, /src/index.css
[1] 4:58:49 PM [vite] (client) Re-optimizing dependencies because lockfile has changed
[1] 4:58:49 PM [vite] server restarted.
[1] npm error Lifecycle script `dev` failed with error:
[1] npm error code 143
[1] npm error path /app/client
[1] npm error workspace ingec-client@0.0.0
[1] npm error location /app/client
[1] npm error command failed
[1] npm error command sh -c vite
[1] npm run start:client exited with code 143
