
> ingec-platform@1.0.0 start
> concurrently "npm run start:server" "npm run start:client"

[0]
[0] > ingec-platform@1.0.0 start:server
[0] > npm run start --workspace=server
[0]
[1]
[1] > ingec-platform@1.0.0 start:client
[1] > npm run dev --workspace=client
[1]
[0]
[0] > ingec-server@1.0.0 start
[0] > node server.js
[0]
[1]
[1] > ingec-client@0.0.0 dev
[1] > vite
[1]
[0] (node:6446) [DEP0040] DeprecationWarning: The `punycode` module is deprecated. Please use a userland alternative instead.
[0] (Use `node --trace-deprecation ...` to show where the warning was created)
[0] INGEC Server running on port 5001
[1]
[1]   VITE v8.0.0  ready in 453 ms
[1]
[1]   ➜  Local:   http://localhost:3000/
[1]   ➜  Network: use --host to expose
[1] 4:52:57 PM [vite] (client) hmr update /src/index.css, /src/components/INGECMap.jsx
[1] 4:53:20 PM [vite] (client) hmr update /src/index.css, /src/components/INGECMap.jsx
[1] 4:53:44 PM [vite] (client) hmr update /src/index.css, /src/components/INGECMap.jsx
[1] 4:55:00 PM [vite] (client) hmr update /src/index.css, /src/components/INGECMap.jsx
[1] 4:55:19 PM [vite] vite.config.js changed, restarting server...
[1] 4:55:19 PM [vite] (client) Re-optimizing dependencies because lockfile has changed
[1] Cannot optimize dependency: react/jsx-dev-runtime, present in client 'optimizeDeps.include'
[1] Cannot optimize dependency: react/jsx-runtime, present in client 'optimizeDeps.include'
[1] 4:55:19 PM [vite] server restarted.
[1] file:///app/node_modules/rolldown/dist/shared/error-CP8smW_P.mjs:48
[1] 	const wrapper = new Error(summary);
[1] 	                ^
[1]
[1] Error: Error during dependency optimization:
[1]
[1] Build failed with 1 error:
[1]
[1] [31m[UNLOADABLE_DEPENDENCY] Error:[0m Could not load node_modules/react/index.js/jsx-runtime
[1]    [38;5;246m╭[0m[38;5;246m─[0m[38;5;246m[[0m node_modules/@react-google-maps/api/dist/esm.js:1:37 [38;5;246m][0m
[1]    [38;5;246m│[0m
[1]  [38;5;246m1 │[0m [38;5;249mi[0m[38;5;249mm[0m[38;5;249mp[0m[38;5;249mo[0m[38;5;249mr[0m[38;5;249mt[0m[38;5;249m [0m[38;5;249m{[0m[38;5;249m [0m[38;5;249mj[0m[38;5;249ms[0m[38;5;249mx[0m[38;5;249m,[0m[38;5;249m [0m[38;5;249mj[0m[38;5;249ms[0m[38;5;249mx[0m[38;5;249ms[0m[38;5;249m,[0m[38;5;249m [0m[38;5;249mF[0m[38;5;249mr[0m[38;5;249ma[0m[38;5;249mg[0m[38;5;249mm[0m[38;5;249me[0m[38;5;249mn[0m[38;5;249mt[0m[38;5;249m [0m[38;5;249m}[0m[38;5;249m [0m[38;5;249mf[0m[38;5;249mr[0m[38;5;249mo[0m[38;5;249mm[0m[38;5;249m [0m'react/jsx-runtime'[38;5;249m;[0m
[1]  [38;5;240m  │[0m                                     ─────────┬─────────
[1]  [38;5;240m  │[0m                                              ╰─────────── Not a directory (os error 20)
[1] [38;5;246m───╯[0m
[1]
[1]     at aggregateBindingErrorsIntoJsError (file:///app/node_modules/rolldown/dist/shared/error-CP8smW_P.mjs:48:18)
[1]     at unwrapBindingResult (file:///app/node_modules/rolldown/dist/shared/error-CP8smW_P.mjs:18:128)
[1]     at #build (file:///app/node_modules/rolldown/dist/shared/rolldown-build-4YnQkA76.mjs:3311:34)
[1]     at async Object.build (file:///app/client/node_modules/vite/dist/node/chunks/node.js:31415:18) {
[1]   errors: [Getter/Setter]
[1] }
[1]
[1] Node.js v22.22.1
[1] npm error Lifecycle script `dev` failed with error:
[1] npm error code 1
[1] npm error path /app/client
[1] npm error workspace ingec-client@0.0.0
[1] npm error location /app/client
[1] npm error command failed
[1] npm error command sh -c vite
[1] npm run start:client exited with code 1
[0] {
[0]   message: 'Invalid API key',
[0]   hint: 'Double check your Supabase `anon` or `service_role` API key.'
[0] }
[0] {
[0]   message: 'Invalid API key',
[0]   hint: 'Double check your Supabase `anon` or `service_role` API key.'
[0] }
[0] {
[0]   message: 'Invalid API key',
[0]   hint: 'Double check your Supabase `anon` or `service_role` API key.'
[0] }
[0] {
[0]   message: 'Invalid API key',
[0]   hint: 'Double check your Supabase `anon` or `service_role` API key.'
[0] }
[0] Terminated
[0] npm error Lifecycle script `start` failed with error:
[0] npm error code 143
[0] npm error path /app/server
[0] npm error workspace ingec-server@1.0.0
[0] npm error location /app/server
[0] npm error command failed
[0] npm error command sh -c node server.js
[0] npm run start:server exited with code 143
